stopwatch.h:59:24:StopWatch_Elapsed	16	static
stopwatch.h:114:20:StopWatch_DelayMs	24	static
stopwatch.h:126:20:StopWatch_DelayUs	24	static
ADS1299.c:82:6:ADS1299Init	32	static
ADS1299.c:118:6:ADS1299StartStreaming	8	static
ADS1299.c:135:6:ADS1299ActivateInt	24	static
ADS1299.c:143:6:ADS1299DeactivateInt	4	static
ADS1299.c:148:6:ADS1299DRDYInt	16	static
ADS1299.c:176:6:ADS1299GetData	24	static
ADS1299.c:214:6:ADS1299StopStreaming	8	static
ADS1299.c:221:6:ADS1299SendCommand	16	static
ADS1299.c:231:6:ADS1299WriteRegister	24	static
ADS1299.c:250:9:ADS1299ReadRegister	24	static
ADS1299.c:270:6:ADS1299PinHigh	16	static
ADS1299.c:275:6:ADS1299PinLow	16	static
ADS1299.c:280:6:ADS1299CS	16	static
ADS1299.c:285:9:ADS1299SendSPI	24	static
ADS1299.c:293:6:ADS1299SetChannelsToDefaultConfigForECG	48	static
ADS1299.c:313:6:ADS1299SetChannelsToDefaultConfigForEEG	48	static
ADS1299.c:336:6:ADS1299SetChannelsToDefaultConfigForEMG	48	static
ADS1299.c:362:6:ADS1299ConfigOneChannel	16	static
ADS1299.c:370:6:ADS1299ConfigAllChannels	24	static
ADS1299.c:385:6:ADS1299ConfigAllChannelsEqual	24	static
ADS1299.c:400:6:ADS1299ChangeSamplingFrecuency	24	static
ADS1299.c:407:6:ADS1299ChangeChannelInputType	24	static
ADS1299.c:414:6:ADS1299ChangeAllChannelInputType	24	static
ADS1299.c:429:6:ADS1299ChangeAllChannelInputTypeEqual	24	static
ADS1299.c:444:6:ADS1299ChangeChannelPGAGain	24	static
ADS1299.c:451:6:ADS1299ChangeAllChannelPGAGain	24	static
ADS1299.c:466:6:ADS1299ChangeAllChannelPGAGainEqual	24	static
ADS1299.c:481:6:ADS1299ActivateChannel	24	static
ADS1299.c:489:6:ADS1299DeactivateChannel	24	static
ADS1299.c:497:6:ADS1299ActivateAllChannels	16	static
ADS1299.c:512:6:ADS1299DeactivateAllChannels	16	static
ADS1299.c:527:6:ADS1299ConfigBiasDrive	16	static
ADS1299.c:536:6:ADS1299IsDataReady	8	static
ADS1299.c:541:6:ADS1299OneShotConversion	24	static
ADS1299.c:561:6:ASD1299ConvertDataTo2ndComplement	24	static
ADS1299.c:572:6:ADS1299ConfigTestSignal	16	static
ADS1299.c:577:9:ADS1299LeadOffDetection	16	static
ADS1299.c:584:6:ADS1299SetGPIO	16	static
ADS1299.c:590:9:ADS1299GetGPIO	8	static
