core_cm4.h:1467:22:NVIC_EnableIRQ	16	static
timer_18xx_43xx.h:111:20:Chip_TIMER_MatchPending	16	static
timer_18xx_43xx.h:136:20:Chip_TIMER_ClearMatch	16	static
timer_18xx_43xx.h:159:20:Chip_TIMER_Enable	16	static
timer_18xx_43xx.h:204:20:Chip_TIMER_PrescaleSet	16	static
timer_18xx_43xx.h:217:20:Chip_TIMER_SetMatch	24	static
timer_18xx_43xx.h:248:20:Chip_TIMER_MatchEnableInt	16	static
timer_18xx_43xx.h:270:20:Chip_TIMER_ResetOnMatchEnable	16	static
timer_18xx_43xx.h:281:20:Chip_TIMER_ResetOnMatchDisable	16	static
timer_18xx_43xx.h:305:20:Chip_TIMER_StopOnMatchDisable	16	static
data_serial_TxRx_sinRB.c:151:6:Configure_Timer0	16	static
data_serial_TxRx_sinRB.c:182:6:Configure_Timer1	16	static
data_serial_TxRx_sinRB.c:208:6:TIMER0_IRQHandler	16	static
data_serial_TxRx_sinRB.c:276:6:TIMER1_IRQHandler	16	static
data_serial_TxRx_sinRB.c:314:6:sEMGBuffLoad	16	static
data_serial_TxRx_sinRB.c:338:6:SysInit	24	static
data_serial_TxRx_sinRB.c:352:6:SystickInt	4	static
data_serial_TxRx_sinRB.c:357:6:ReadData	4	static
data_serial_TxRx_sinRB.c:362:6:ConfigADS	8	static
data_serial_TxRx_sinRB.c:382:5:main	32	static
