core_cm4.h:1467:22:NVIC_EnableIRQ	16	static
core_cm4.h:1520:22:NVIC_ClearPendingIRQ	16	static
scu_18xx_43xx.h:135:20:Chip_SCU_PinMuxSet	16	static
scu_18xx_43xx.h:185:20:Chip_SCU_GPIOIntPinSel	24	static
gpio_18xx_43xx.h:95:20:Chip_GPIO_SetPinState	16	static
gpio_18xx_43xx.h:108:20:Chip_GPIO_ReadPortBit	24	static
gpio_18xx_43xx.h:375:20:Chip_GPIO_SetPinOutHigh	16	static
gpio_18xx_43xx.h:417:20:Chip_GPIO_SetPinOutLow	16	static
gpio_18xx_43xx.h:445:20:Chip_GPIO_SetPinToggle	16	static
pinint_18xx_43xx.h:95:20:Chip_PININT_SetPinModeEdge	16	static
pinint_18xx_43xx.h:130:20:Chip_PININT_EnableIntHigh	16	static
pinint_18xx_43xx.h:165:20:Chip_PININT_EnableIntLow	16	static
pinint_18xx_43xx.h:239:20:Chip_PININT_ClearIntStatus	16	static
gpiogroup_18xx_43xx.h:68:20:Chip_GPIOGP_ClearIntStatus	24	static
gpiogroup_18xx_43xx.h:93:20:Chip_GPIOGP_SelectOrMode	16	static
gpiogroup_18xx_43xx.h:115:20:Chip_GPIOGP_SelectEdgeMode	16	static
gpiogroup_18xx_43xx.h:139:20:Chip_GPIOGP_SelectLowLevel	24	static
gpiogroup_18xx_43xx.h:155:20:Chip_GPIOGP_SelectHighLevel	24	static
gpiogroup_18xx_43xx.h:189:20:Chip_GPIOGP_EnableGroupPins	24	static
gpio.c:159:6:GPIOInit	24	static
gpio.c:167:6:GPIOOn	16	static
gpio.c:172:6:GPIOOff	16	static
gpio.c:177:6:GPIOState	16	static
gpio.c:182:6:GPIOToggle	16	static
gpio.c:187:6:GPIORead	16	static
gpio.c:192:6:GPIOActivInt	16	static
gpio.c:209:6:GPIOActivGroupInt	32	static
gpio.c:227:6:GPIO0_IRQHandler	8	static
gpio.c:233:6:GPIO1_IRQHandler	8	static
gpio.c:239:6:GPIO2_IRQHandler	8	static
gpio.c:245:6:GPIO3_IRQHandler	8	static
gpio.c:251:6:GPIO4_IRQHandler	8	static
gpio.c:257:6:GPIO5_IRQHandler	8	static
gpio.c:263:6:GPIO6_IRQHandler	8	static
gpio.c:269:6:GPIO7_IRQHandler	8	static
gpio.c:275:6:GINT0_IRQHandler	8	static
gpio.c:281:6:GINT1_IRQHandler	8	static
gpio.c:287:6:GPIODeinit	8	static
