core_cm4.h:1467:22:NVIC_EnableIRQ	16	static
timer_18xx_43xx.h:111:20:Chip_TIMER_MatchPending	16	static
timer_18xx_43xx.h:136:20:Chip_TIMER_ClearMatch	16	static
timer_18xx_43xx.h:159:20:Chip_TIMER_Enable	16	static
timer_18xx_43xx.h:204:20:Chip_TIMER_PrescaleSet	16	static
timer_18xx_43xx.h:217:20:Chip_TIMER_SetMatch	24	static
timer_18xx_43xx.h:248:20:Chip_TIMER_MatchEnableInt	16	static
timer_18xx_43xx.h:270:20:Chip_TIMER_ResetOnMatchEnable	16	static
timer_18xx_43xx.h:281:20:Chip_TIMER_ResetOnMatchDisable	16	static
timer_18xx_43xx.h:305:20:Chip_TIMER_StopOnMatchDisable	16	static
main.c:143:6:Configure_Timer0	16	static
main.c:174:6:Configure_Timer1	16	static
main.c:200:6:TIMER0_IRQHandler	16	static
main.c:268:6:TIMER1_IRQHandler	16	static
main.c:306:6:sEMGBuffLoad	16	static
main.c:330:6:SysInit	24	static
main.c:344:6:SystickInt	4	static
main.c:349:6:ReadData	4	static
main.c:354:6:ConfigADS	8	static
main.c:374:5:main	32	static
