stopwatch.h:59:24:StopWatch_Elapsed	16	static
stopwatch.h:114:20:StopWatch_DelayMs	24	static
NeoPixel.c:18:6:NeoPixelInit	16	static
NeoPixel.c:28:6:NeoPixelAllOFF	16	static
NeoPixel.c:42:6:NeoPixelAll	24	static
NeoPixel.c:55:6:NeoPixelAllGreen	24	static
NeoPixel.c:68:6:NeoPixelAllRed	24	static
NeoPixel.c:81:6:NeoPixelAllBlue	24	static
NeoPixel.c:98:6:NeoPixelSingleLed	24	static
NeoPixel.c:125:6:NeoPixelVector	24	static
NeoPixel.c:136:6:NeoPixelAllSameColor	32	static
NeoPixel.c:148:7:NeoPixelSetLen	16	static
NeoPixel.c:153:11:NeoPixelGetLen	4	static
NeoPixel.c:162:6:NeoPixelTest	24	static
NeoPixel.c:197:6:NeoPixelTest2	16	static
NeoPixel.c:231:6:NeoPixelTest3	8	static
NeoPixel.c:251:6:NeoPixelTest4	24	static
NeoPixel.c:280:6:NeoPixelTestWs2812bTest	8	static
NeoPixel.c:293:6:NeoPixelRight	24	static
NeoPixel.c:395:6:NeoPixelLeft	24	static
NeoPixel.c:502:6:NeoPixelStop	8	static
NeoPixel.c:507:6:NeoPixelPosition	8	static
NeoPixel.c:512:6:NeoPixelReverse	24	static
NeoPixel.c:571:6:NeoPixelFog	24	static
NeoPixel.c:632:6:NeoPixelRight_For3	8	static
NeoPixel.c:652:6:NeoPixelLeft_For3	8	static
NeoPixel.c:671:6:NeoPixelReverse_For3	8	static
NeoPixel.c:690:6:NeoPixelFog_For3	8	static
