core_cm4.h:1467:22:NVIC_EnableIRQ	16	static
timer_18xx_43xx.h:111:20:Chip_TIMER_MatchPending	16	static
timer_18xx_43xx.h:136:20:Chip_TIMER_ClearMatch	16	static
timer_18xx_43xx.h:159:20:Chip_TIMER_Enable	16	static
timer_18xx_43xx.h:204:20:Chip_TIMER_PrescaleSet	16	static
timer_18xx_43xx.h:217:20:Chip_TIMER_SetMatch	24	static
timer_18xx_43xx.h:248:20:Chip_TIMER_MatchEnableInt	16	static
timer_18xx_43xx.h:270:20:Chip_TIMER_ResetOnMatchEnable	16	static
timer_18xx_43xx.h:305:20:Chip_TIMER_StopOnMatchDisable	16	static
sEMG.c:29:11:sEMGGetBuffer	4	static
sEMG.c:33:10:sEMGGetBuffSize	4	static
sEMG.c:36:10:sEMGGetsEMGRate	4	static
sEMG.c:40:9:sEMGGetDRDY	4	static
sEMG.c:43:9:GetsEMGVal	4	static
sEMG.c:47:6:sEMGBuffLoad	16	static
sEMG.c:77:6:sEMGGainUpdate	16	static
sEMG.c:86:6:TIMER1_IRQHandler	16	static
sEMG.c:124:6:Configure_Timer1	16	static
sEMG.c:149:6:ConfigADS	8	static
sEMG.c:175:6:DeactivateADS	8	static
sEMG.c:184:6:sEMGSetDRDY	16	static
