core_cm4.h:1467:22:NVIC_EnableIRQ	16	static
timer_18xx_43xx.h:111:20:Chip_TIMER_MatchPending	16	static
timer_18xx_43xx.h:136:20:Chip_TIMER_ClearMatch	16	static
timer_18xx_43xx.h:159:20:Chip_TIMER_Enable	16	static
timer_18xx_43xx.h:204:20:Chip_TIMER_PrescaleSet	16	static
timer_18xx_43xx.h:217:20:Chip_TIMER_SetMatch	24	static
timer_18xx_43xx.h:248:20:Chip_TIMER_MatchEnableInt	16	static
timer_18xx_43xx.h:270:20:Chip_TIMER_ResetOnMatchEnable	16	static
timer_18xx_43xx.h:305:20:Chip_TIMER_StopOnMatchDisable	16	static
sEMG.c:30:11:sEMGGetBuffer	4	static
sEMG.c:34:10:sEMGGetBuffSize	4	static
sEMG.c:37:10:sEMGGetsEMGRate	4	static
sEMG.c:41:9:sEMGGetDRDY	4	static
sEMG.c:44:9:GetsEMGVal	4	static
sEMG.c:48:6:sEMGBuffLoad	16	static
sEMG.c:78:6:sEMGGainUpdate	16	static
sEMG.c:87:6:TIMER1_IRQHandler	16	static
sEMG.c:125:6:Configure_Timer1	16	static
sEMG.c:150:6:ConfigADS	8	static
sEMG.c:176:6:DeactivateADS	8	static
sEMG.c:185:6:sEMGSetDRDY	16	static
