core_cm4.h:1467:22:NVIC_EnableIRQ	16	static
dac_18xx_43xx.h:129:20:Chip_DAC_ConfigDAConverterControl	24	static
timer_18xx_43xx.h:111:20:Chip_TIMER_MatchPending	16	static
timer_18xx_43xx.h:136:20:Chip_TIMER_ClearMatch	16	static
timer_18xx_43xx.h:159:20:Chip_TIMER_Enable	16	static
timer_18xx_43xx.h:170:20:Chip_TIMER_Disable	16	static
timer_18xx_43xx.h:204:20:Chip_TIMER_PrescaleSet	16	static
timer_18xx_43xx.h:217:20:Chip_TIMER_SetMatch	24	static
timer_18xx_43xx.h:248:20:Chip_TIMER_MatchEnableInt	16	static
timer_18xx_43xx.h:270:20:Chip_TIMER_ResetOnMatchEnable	16	static
timer_18xx_43xx.h:281:20:Chip_TIMER_ResetOnMatchDisable	16	static
timer_18xx_43xx.h:305:20:Chip_TIMER_StopOnMatchDisable	16	static
stimulator.c:50:9:StimGetTrxFlag	4	static
stimulator.c:54:6:StimSetTrxFlag	16	static
stimulator.c:58:6:StimSetBuff	16	static
stimulator.c:81:6:DacInit	8	static
stimulator.c:98:6:TIMER0_IRQHandler	16	static
stimulator.c:128:6:StimReset	8	static
stimulator.c:135:6:StimInit	8	static
stimulator.c:149:9:StimEnable	24	static
stimulator.c:182:11:StimGetEnabled	16	static
stimulator.c:186:6:StimDisable	16	static
stimulator.c:192:6:StimDisableDS8R	16	static
stimulator.c:202:6:StimTimerConfig	16	static
stimulator.c:233:9:StimUpdatePeriod	24	static
stimulator.c:244:9:StimUpdateDemand	24	static
stimulator.c:257:11:StimGetBuffer	4	static
