core_cm4.h:1467:22:NVIC_EnableIRQ	16	static
dac_18xx_43xx.h:129:20:Chip_DAC_ConfigDAConverterControl	24	static
timer_18xx_43xx.h:111:20:Chip_TIMER_MatchPending	16	static
timer_18xx_43xx.h:136:20:Chip_TIMER_ClearMatch	16	static
timer_18xx_43xx.h:159:20:Chip_TIMER_Enable	16	static
timer_18xx_43xx.h:204:20:Chip_TIMER_PrescaleSet	16	static
timer_18xx_43xx.h:217:20:Chip_TIMER_SetMatch	24	static
timer_18xx_43xx.h:248:20:Chip_TIMER_MatchEnableInt	16	static
timer_18xx_43xx.h:270:20:Chip_TIMER_ResetOnMatchEnable	16	static
timer_18xx_43xx.h:281:20:Chip_TIMER_ResetOnMatchDisable	16	static
timer_18xx_43xx.h:305:20:Chip_TIMER_StopOnMatchDisable	16	static
stimulator.c:47:6:DacInit	8	static
stimulator.c:68:6:TIMER0_IRQHandler	8	static
stimulator.c:93:6:StimReset	4	static
stimulator.c:100:6:StimInit	8	static
stimulator.c:106:6:StimEnable	4	static
stimulator.c:110:6:StimDeactivate	16	static
stimulator.c:114:6:StimTimerConfig	16	static
