scu_18xx_43xx.h:135:20:Chip_SCU_PinMuxSet	16	static
scu_18xx_43xx.h:150:20:Chip_SCU_PinMux	24	static
uart_18xx_43xx.h:306:20:Chip_UART_TXEnable	16	static
uart_18xx_43xx.h:329:20:Chip_UART_SendByte	16	static
uart_18xx_43xx.h:342:23:Chip_UART_ReadByte	16	static
uart_18xx_43xx.h:357:20:Chip_UART_IntEnable	16	static
uart_18xx_43xx.h:410:20:Chip_UART_SetupFIFOS	16	static
uart_18xx_43xx.h:425:20:Chip_UART_ConfigData	16	static
uart_18xx_43xx.h:512:24:Chip_UART_ReadLineStatus	16	static
uart_18xx_43xx.h:584:20:Chip_UART_SetRS485Flags	16	static
UART.c:109:10:Init_Uart_Ftdi	24	static
UART.c:128:10:Init_Uart_Ftdi_IntAct	16	static
UART.c:149:10:Init_Uart_Rs485	8	static
UART.c:169:10:Init_Uart_Rs232	8	static
UART.c:188:10:ReadStatus_Uart_Rs232	8	static
UART.c:192:10:ReadStatus_Uart_Ftdi	8	static
UART.c:197:10:ReadStatus_Uart_Rs485	8	static
UART.c:202:10:ReadRxReady_Uart_Ftdi	8	static
UART.c:206:10:ReadRxReady_Uart_Rs232	8	static
UART.c:210:10:ReadRxReady_Uart_RS485	8	static
UART.c:214:9:ReadByte_Uart_Ftdi	16	static
UART.c:223:9:ReadByte_Uart_Rs232	16	static
UART.c:232:9:ReadByte_Uart_RS485	16	static
UART.c:243:6:Send_Byte_UART	16	static
UART.c:247:6:SendByte_Uart_Rs232	16	static
UART.c:256:6:Send_Byte_RS485	16	static
UART.c:260:6:SendString_Uart_Ftdi	16	static
UART.c:270:6:SendString_Uart_Rs232	16	static
UART.c:280:6:Send_String_UART	16	static
UART.c:284:6:SendStringRs485	16	static
UART.c:288:6:IntToString	32	static
UART.c:348:7:itoa	40	static
