core_cm4.h:1467:22:NVIC_EnableIRQ	16	static
scu_18xx_43xx.h:135:20:Chip_SCU_PinMuxSet	16	static
scu_18xx_43xx.h:150:20:Chip_SCU_PinMux	24	static
uart_18xx_43xx.h:306:20:Chip_UART_TXEnable	16	static
uart_18xx_43xx.h:329:20:Chip_UART_SendByte	16	static
uart_18xx_43xx.h:342:23:Chip_UART_ReadByte	16	static
uart_18xx_43xx.h:357:20:Chip_UART_IntEnable	16	static
uart_18xx_43xx.h:410:20:Chip_UART_SetupFIFOS	16	static
uart_18xx_43xx.h:425:20:Chip_UART_ConfigData	16	static
uart_18xx_43xx.h:512:24:Chip_UART_ReadLineStatus	16	static
uart_18xx_43xx.h:584:20:Chip_UART_SetRS485Flags	16	static
uart.c:98:10:UartInit	16	static
uart.c:175:10:UartReadStatus	24	static
uart.c:194:10:UartRxReady	24	static
uart.c:213:9:UartReadByte	24	static
uart.c:240:6:UartSendByte	24	static
uart.c:260:6:UartSendString	24	static
uart.c:283:6:UartSendBuffer	24	static
uart.c:302:10:UartItoa	24	static
uart.c:323:6:UART2_IRQHandler	8	static
uart.c:331:6:UART3_IRQHandler	8	static
